main: Query.hs:108:1-17: Non-exhaustive patterns in function eval

