main: Prelude.undefined
CallStack (from HasCallStack):
  error, called at libraries/base/GHC/Err.hs:78:14 in base:GHC.Err
  undefined, called at ./Query.hs:114:19 in main:Query
