main: Prelude.undefined
CallStack (from HasCallStack):
  error, called at libraries/base/GHC/Err.hs:78:14 in base:GHC.Err
  undefined, called at ./Query.hs:117:9 in main:Query
